#-----------------------------------------------------------
# Vivado v2024.1 (64-bit)
# SW Build 5076996 on Wed May 22 18:37:14 MDT 2024
# IP Build 5075265 on Wed May 22 21:45:21 MDT 2024
# SharedData Build 5076995 on Wed May 22 18:29:18 MDT 2024
# Start of session at: Fri Jul 26 22:41:47 2024
# Process ID: 58580
# Current directory: C:/Users/Vansh/AppData/Roaming/Xilinx/Vivado/constraint_layer/solution1/impl/ip
# Command line: vivado.exe -notrace -mode batch -source run_ippack.tcl
# Log file: C:/Users/Vansh/AppData/Roaming/Xilinx/Vivado/constraint_layer/solution1/impl/ip/vivado.log
# Journal file: C:/Users/Vansh/AppData/Roaming/Xilinx/Vivado/constraint_layer/solution1/impl/ip\vivado.jou
# Running On        :DESKTOP-UUAKG5T
# Platform          :Windows Server 2016 or Windows 10
# Operating System  :22631
# Processor Detail  :AMD Ryzen 5 5500U with Radeon Graphics         
# CPU Frequency     :2096 MHz
# CPU Physical cores:6
# CPU Logical cores :12
# Host memory       :16483 MB
# Swap memory       :30064 MB
# Total Virtual     :46548 MB
# Available Virtual :11719 MB
#-----------------------------------------------------------
source run_ippack.tcl -notrace
