#-----------------------------------------------------------
# Vivado v2024.1 (64-bit)
# SW Build 5076996 on Wed May 22 18:37:14 MDT 2024
# IP Build 5075265 on Wed May 22 21:45:21 MDT 2024
# SharedData Build 5076995 on Wed May 22 18:29:18 MDT 2024
# Start of session at: Sat Jul 27 00:07:26 2024
# Process ID: 77648
# Current directory: C:/Users/Vansh/vck/NN_on_FPGA/autoencoder/autoencoder.runs/synth_1
# Command line: vivado.exe -log autoencoder_wrapper.vds -product Vivado -mode batch -messageDb vivado.pb -notrace -source autoencoder_wrapper.tcl
# Log file: C:/Users/Vansh/vck/NN_on_FPGA/autoencoder/autoencoder.runs/synth_1/autoencoder_wrapper.vds
# Journal file: C:/Users/Vansh/vck/NN_on_FPGA/autoencoder/autoencoder.runs/synth_1\vivado.jou
# Running On        :DESKTOP-UUAKG5T
# Platform          :Windows Server 2016 or Windows 10
# Operating System  :22631
# Processor Detail  :AMD Ryzen 5 5500U with Radeon Graphics         
# CPU Frequency     :2096 MHz
# CPU Physical cores:6
# CPU Logical cores :12
# Host memory       :16483 MB
# Swap memory       :30064 MB
# Total Virtual     :46548 MB
# Available Virtual :9961 MB
#-----------------------------------------------------------
source autoencoder_wrapper.tcl -notrace
